// Jest Snapshot v1, https://goo.gl/fbAQLP

exports[`testing SearchBox 1`] = `
<div
  className="mb3"
>
  <input
    aria-label="search robots"
    className="b--dark-blue bg-light-yellow pa2 input-reset ba  hover-bg-light-green hover-black"
    placeholder="search friends"
    type="search"
  />
</div>
`;
